wssfm1xrx.c:646:13:WSSFM1XRX_StringTX	16	static
wssfm1xrx.c:654:13:WSSFM1XRX_ResetObject	8	static
wssfm1xrx.c:82:20:WSSFM1XRX_Init	24	static
wssfm1xrx.c:121:20:WSSFM1XRX_Wait_NonBlock	32	static
wssfm1xrx.c:153:20:WSSFM1XRX_Wait_Block	16	static
wssfm1xrx.c:181:20:WSSFM1XRX_WakeUP	16	static
wssfm1xrx.c:211:20:WSSFM1XRX_ResetModule	16	static
wssfm1xrx.c:543:6:WSSFM1XRX_ISRRX	8	static
wssfm1xrx.c:585:20:WSSFM1XRX_MatchResponse	8	static
wssfm1xrx.c:314:20:WSSFM1XRX_SendRawMessage	32	static
wssfm1xrx.c:167:20:WSSFM1XRX_Sleep	24	static
wssfm1xrx.c:242:20:WSSFM1XRX_CheckModule	16	static
wssfm1xrx.c:361:20:WSSFM1XRX_AskChannels	24	static
wssfm1xrx.c:387:20:WSSFM1XRX_CheckChannels	16	static
wssfm1xrx.c:408:20:WSSFM1XRX_ResetChannels	16	static
wssfm1xrx.c:424:20:WSSFM1XRX_ChangeFrequencyUL	16	static
wssfm1xrx.c:442:20:WSSFM1XRX_ChangeFrequencyDL	16	static
wssfm1xrx.c:484:20:WSSFM1XRX_SaveParameters	16	static
wssfm1xrx.c:608:23:DL_DiscriminateDownLink	24	static
wssfm1xrx.c:703:6:NibbletoX	0	static
wssfm1xrx.c:506:20:WSSFM1XRX_SendMessage	104	static
wssfm1xrx.c:723:20:WSSFM1XRX_GetRespNoexpected	32	static
wssfm1xrx.c:258:20:WSSFM1XRX_GetID	8	static
wssfm1xrx.c:276:20:WSSFM1XRX_GetPAC	8	static
wssfm1xrx.c:293:20:WSSFM1XRX_GetVoltage	32	static
wssfm1xrx.c:456:20:WSSFM1XRX_AskFrequencyUL	40	static
