wsq_gpio.c:321:14:GPIO_Write	0	static
wsq_gpio.c:28:7:WSQ_GPIO_Init	64	static
wsq_gpio.c:178:11:WSQ_GPIO_ReadWakeUp	0	static
wsq_gpio.c:182:12:WSQ_GPIO_ReadWakeUpSense	0	static
wsq_gpio.c:187:7:WSQ_GPIO_DebounceUpdate	8	static
wsq_gpio.c:192:7:WSQ_GPIO_DebounceCountClicks	0	static
wsq_gpio.c:198:10:WSQ_GPIO_DebounceGetClicks	0	static
wsq_gpio.c:202:7:WSQ_GPIO_DebounceClearClicks	0	static
wsq_gpio.c:211:11:WSQ_GPIO_DebounceGetFalling	0	static
wsq_gpio.c:216:11:WSQ_GPIO_DebounceGetRising	0	static
wsq_gpio.c:221:8:WSQ_GPIO_DebounceClearRising	0	static
wsq_gpio.c:226:9:WSQ_GPIO_DebounceClearFalling	0	static
wsq_gpio.c:231:8:WSQ_GPIO_SigFoxWriteReset	8	static
wsq_gpio.c:236:8:WSQ_GPIO_SigFoxWriteWakeUp	8	static
wsq_gpio.c:241:8:WSQ_GPIO_WiFiWriteReset	8	static
wsq_gpio.c:246:8:WSQ_GPIO_WiFiWriteEnable	8	static
wsq_gpio.c:251:8:WSQ_GPIO_WiFiWriteCommandEnable	8	static
wsq_gpio.c:256:12:WSQ_GPIO_ReadUsbDet	0	static
wsq_gpio.c:261:9:WSQ_GPIO_EnableAnalog	8	static
wsq_gpio.c:265:9:WSQ_GPIO_EnableSensors	8	static
wsq_gpio.c:270:12:WSQ_GPIO_ReadAccInt	0	static
wsq_gpio.c:276:12:WSQ_GPIO_ReadBatteryAlert	0	static
wsq_gpio.c:282:12:WSQ_GPIO_ReadRTCInt	0	static
wsq_gpio.c:288:12:WSQ_GPIO_ReadDigitalInput1	0	static
wsq_gpio.c:295:12:WSQ_GPIO_ReadDigitalInput2	0	static
wsq_gpio.c:302:12:WSQ_GPIO_ReadChargingStatus	0	static
wsq_gpio.c:307:8:WSQ_GPIO_DisplayColorRGB	16	static
wsq_gpio.c:316:8:WSQ_GPIO_WriteOutputCtrl	8	static
