qatcli.c:65:16:qATCLI_Notify	8	static
qatcli.c:74:13:qATCLI_Putc_Wrapper	8	static
qatcli.c:78:13:qATCLI_Puts_Wrapper	8	static
qatcli.c:324:14:qATCLI_Input_Fix	32	static
qatcli.c:114:9:qATCLI_Setup	16	static
qatcli.c:180:9:qATCLI_CmdSubscribe	32	static
qatcli.c:215:19:qATCLI_CmdIterate	0	static
qatcli.c:253:9:qATCLI_ISRHandler	32	static
qatcli.c:292:9:qATCLI_ISRHandlerBlock	16	static
qatcli.c:356:9:qATCLI_Raise	24	static
qatcli.c:391:19:qATCLI_Exec	40	static
qatcli.c:480:6:qATCLI_Input_Flush	0	static
qatcli.c:503:9:qATCLI_Run	24	static
qatcli.c:609:7:qATCLI_GetArgString	32	static
qatcli.c:57:14:GetArgString	8	static
qatcli.c:662:7:qATCLI_GetArgPtr	12	static
qatcli.c:25:14:GetArgPtr	8	static
qatcli.c:704:5:qATCLI_GetArgInt	8	static
qatcli.c:33:12:GetArgInt	8	static
qatcli.c:726:12:qATCLI_GetArgFlt	8	static
qatcli.c:41:19:GetArgFlt	8	static
qatcli.c:747:11:qATCLI_GetArgHex	8	static
qatcli.c:49:18:GetArgHex	8	static
