qfsm.c:219:13:qStateMachine_ExecSubStateIfAvailable	8	static
qfsm.c:195:14:qStateMachine_ExecStateIfAvailable	24	static
qfsm.c:30:14:_qStateMachine_UndefinedStateCallback	0	static
qfsm.c:34:14:_qStateMachine_RecursiveStateCallback	0	static
qfsm.c:65:9:qStateMachine_Setup	12	static
qfsm.c:245:6:qStateMachine_Attribute	8	static
qfsm.c:295:9:qStateMachine_TransitionTableInstall	8	static
qfsm.c:320:9:qStateMachine_SignalQueueSetup	8	static
qfsm.c:345:9:qStateMachine_SweepTransitionTable	24	static
qfsm.c:104:6:qStateMachine_Run	40	static
qfsm.c:408:9:qStateMachine_SendSignal	24	static
qfsm.c:431:15:qStateMachine_Get_Handler	0	static
qfsm.c:454:9:qStateMachine_Set_CompositeState	0	static
qfsm.c:483:6:qStateMachine_Set_Parent	0	static
