qioutils.c:9:21:qIOUtil_DiscardWhitespaces	16	static
qioutils.c:48:7:qIOUtil_StrChr	0	static
qioutils.c:80:8:qIOUtil_StrLen	0	static
qioutils.c:112:8:qIOUtil_StrlCpy	24	static
qioutils.c:164:6:qIOUtil_SwapBytes	8	static
qioutils.c:129:15:qIOUtil_xBase_U32toA.part.1	24	static
qioutils.c:186:9:qIOUtil_CheckEndianness	0	static
qioutils.c:202:6:qIOUtil_OutputString	16	static
qioutils.c:220:6:qIOUtil_PrintXData	32	static
qioutils.c:246:6:qIOUtil_OutputRaw	24	static
qioutils.c:276:6:qIOUtil_InputRaw	24	static
qioutils.c:310:7:qIOUtil_U32toX	12	static
qioutils.c:338:11:qIOUtil_XtoU32	32	static
qioutils.c:391:12:qIOUtil_AtoF	40	static
qioutils.c:537:5:qIOUtil_AtoI	16	static
qioutils.c:577:7:qIOUtil_UtoA	8	static
qioutils.c:608:7:qIOUtil_ItoA	16	static
qioutils.c:639:7:qIOUtil_BtoA	0	static
qioutils.c:667:7:qIOUtil_QBtoA	4	static
qioutils.c:704:9:qIOUtil_IsInf	0	static
qioutils.c:721:9:qIOUtil_IsNan	0	static
qioutils.c:460:7:qIOUtil_FtoA	32	static
