qkernel.c:85:6:qOS_DummyTask_Callback	0	static
qkernel.c:225:13:qOS_PriorityQueue_ClearIndex	20	static
qkernel.c:530:13:qOS_ATCLI_NotifyFcn	8	static
qkernel.c:524:13:qOS_ATCLI_TaskCallback	8	static
qkernel.c:662:37:qOS_CheckIfReady	40	static
qkernel.c:801:37:qOS_Dispatch	32	static
qkernel.c:111:10:qOS_Setup	24	static
qkernel.c:146:10:qOS_Get_TaskRunning	0	static
qkernel.c:159:6:qOS_Set_IdleTask	0	static
qkernel.c:169:6:qOS_Scheduler_Release	0	static
qkernel.c:182:6:qOS_Set_SchedulerReleaseCallback	0	static
qkernel.c:203:9:qOS_Notification_Spread	0	static
qkernel.c:237:9:qOS_PriorityQueue_Insert	12	static
qkernel.c:259:9:qOS_PriorityQueue_IsTaskInside	24	static
qkernel.c:307:8:qOS_PriorityQueue_GetCount	0	static
qkernel.c:348:9:qOS_Add_Task	24	static
qkernel.c:407:9:qOS_Add_EventTask	24	static
qkernel.c:456:9:qOS_Add_StateMachineTask	32	static
qkernel.c:483:9:qOS_StateMachineTask_SigCon	16	static
qkernel.c:514:9:qOS_Add_ATCLITask	24	static
qkernel.c:551:9:qOS_Remove_Task	8	static
qkernel.c:620:6:qOS_Run	32	static
qkernel.c:880:21:qOS_GetTaskGlobalState	0	static
