qtasks.c:22:9:qTask_Notification_Send	0	static
qtasks.c:55:9:qTask_Notification_Queue	8	static
qtasks.c:76:9:qTask_HasPendingNotifications	8	static
qtasks.c:105:10:qTask_Get_State	0	static
qtasks.c:129:11:qTask_Get_Cycles	0	static
qtasks.c:153:21:qTask_Get_GlobalState	8	static
qtasks.c:167:6:qTask_Set_Time	8	static
qtasks.c:187:6:qTask_Set_Iterations	0	static
qtasks.c:202:6:qTask_Set_Priority	0	static
qtasks.c:219:6:qTask_Set_Callback	0	static
qtasks.c:277:6:qTask_Set_Data	0	static
qtasks.c:291:6:qTask_ClearTimeElapsed	8	static
qtasks.c:306:10:qTask_Self	8	static
qtasks.c:381:9:qTask_Attach_StateMachine	0	static
qtasks.c:428:14:qTask_EventFlags_Read	0	static
qtasks.c:463:9:qTask_EventFlags_Check	12	static
qtasks.c:491:9:_qPrivate_TaskGetFlag	0	static
qtasks.c:497:6:_qPrivate_TaskModifyFlags	0	static
qtasks.c:244:6:qTask_Set_State	8	static
qtasks.c:347:9:qTask_Attach_Queue	24	static
qtasks.c:407:6:qTask_EventFlags_Modify	8	static
