stm32l0xx_ll_rtc.c:252:6:LL_RTC_StructInit	0	static
stm32l0xx_ll_rtc.c:354:6:LL_RTC_TIME_StructInit	0	static
stm32l0xx_ll_rtc.c:442:6:LL_RTC_DATE_StructInit	0	static
stm32l0xx_ll_rtc.c:465:13:LL_RTC_ALMA_Init	40	static
stm32l0xx_ll_rtc.c:583:13:LL_RTC_ALMB_Init	40	static
stm32l0xx_ll_rtc.c:693:6:LL_RTC_ALMA_StructInit	0	static
stm32l0xx_ll_rtc.c:715:6:LL_RTC_ALMB_StructInit	8	static
stm32l0xx_ll_rtc.c:740:13:LL_RTC_EnterInitMode	24	static
stm32l0xx_ll_rtc.c:213:13:LL_RTC_Init	16	static
stm32l0xx_ll_rtc.c:784:13:LL_RTC_ExitInitMode	0	static
stm32l0xx_ll_rtc.c:811:13:LL_RTC_WaitForSynchro	24	static
stm32l0xx_ll_rtc.c:149:13:LL_RTC_DeInit	8	static
stm32l0xx_ll_rtc.c:272:13:LL_RTC_TIME_Init	40	static
stm32l0xx_ll_rtc.c:375:13:LL_RTC_DATE_Init	40	static
