AT_commands.c:156:26:AT_Callback_Help	96	static
AT_commands.c:1117:26:AT_Callback_Save	8	static
AT_commands.c:1090:26:AT_Callback_ResetFactory	8	static
AT_commands.c:1018:26:AT_Callback_IdDevice	8	static
AT_commands.c:978:26:AT_Callback_OnlySendLocation	8	static
AT_commands.c:739:26:AT_Callback_RepeatPayload	8	static
AT_commands.c:669:26:AT_Callback_Accelerometer	40	static
AT_commands.c:636:26:AT_Callback_Rcz	8	static
AT_commands.c:586:26:AT_Callback_Pulsation	16	static
AT_commands.c:555:26:AT_Callback_Downlink	8	static
AT_commands.c:525:26:AT_Callback_AlwaysReport	8	static
AT_commands.c:495:26:AT_Callback_WiFi	8	static
AT_commands.c:465:26:AT_Callback_Gps	8	static
AT_commands.c:431:26:AT_Callback_AirQ	16	static
AT_commands.c:388:26:AT_Callback_Hum_Temp	16	static
AT_commands.c:310:26:AT_Callback_Di	16	static
AT_commands.c:269:26:AT_Callback_Adc	16	static
AT_commands.c:238:26:AT_Callback_Batt	16	static
AT_commands.c:209:26:AT_Callback_Id	8	static
AT_commands.c:182:26:AT_Callback_Pac	8	static
AT_commands.c:1056:26:AT_Callback_DoCtrl	8	static
AT_commands.c:834:26:AT_Callback_Read	216	static
AT_commands.c:348:26:AT_Callback_Time	32	static
AT_commands.c:113:6:AT_Command_Init	56	static
AT_commands.c:1138:6:AT_CLI_CustomCallback	8	static
AT_commands.c:1142:6:ProjectInformation	600	static
AT_commands.c:713:26:AT_Callback_ApiInfo	8	static
