usbd_conf.c:67:6:HAL_PCD_MspInit	8	static
usbd_conf.c:86:6:HAL_PCD_MspDeInit	8	static
usbd_conf.c:113:6:HAL_PCD_SetupStageCallback	8	static
usbd_conf.c:128:6:HAL_PCD_DataOutStageCallback	8	static
usbd_conf.c:143:6:HAL_PCD_DataInStageCallback	8	static
usbd_conf.c:157:6:HAL_PCD_SOFCallback	8	static
usbd_conf.c:171:6:HAL_PCD_ResetCallback	16	static
usbd_conf.c:196:6:HAL_PCD_SuspendCallback	8	static
usbd_conf.c:220:6:HAL_PCD_ResumeCallback	8	static
usbd_conf.c:243:6:HAL_PCD_ISOOUTIncompleteCallback	8	static
usbd_conf.c:258:6:HAL_PCD_ISOINIncompleteCallback	8	static
usbd_conf.c:272:6:HAL_PCD_ConnectCallback	8	static
usbd_conf.c:286:6:HAL_PCD_DisconnectCallback	8	static
usbd_conf.c:301:20:USBD_LL_Init	16	static
usbd_conf.c:352:20:USBD_LL_DeInit	8	static
usbd_conf.c:369:20:USBD_LL_Start	8	static
usbd_conf.c:386:20:USBD_LL_Stop	8	static
usbd_conf.c:406:20:USBD_LL_OpenEP	8	static
usbd_conf.c:424:20:USBD_LL_CloseEP	8	static
usbd_conf.c:442:20:USBD_LL_FlushEP	8	static
usbd_conf.c:460:20:USBD_LL_StallEP	8	static
usbd_conf.c:478:20:USBD_LL_ClearStallEP	8	static
usbd_conf.c:496:9:USBD_LL_IsStallEP	0	static
usbd_conf.c:516:20:USBD_LL_SetUSBAddress	8	static
usbd_conf.c:536:20:USBD_LL_Transmit	8	static
usbd_conf.c:556:20:USBD_LL_PrepareReceive	8	static
usbd_conf.c:574:10:USBD_LL_GetRxDataSize	8	static
usbd_conf.c:584:6:USBD_LL_Delay	8	static
usbd_conf.c:594:7:USBD_static_malloc	0	static
usbd_conf.c:605:6:USBD_static_free	0	static
