Task_Service_Sigfox.c:255:6:Service_Sigfox_UplinkDispatcher_Callback	40	static
Task_Service_Sigfox.c:42:6:Service_Sigfox_Run	8	static
Task_Service_Sigfox.c:47:6:Service_Sigfox_ISRHandler	8	static
Task_Service_Sigfox.c:52:6:Service_Sigfox_Setup	40	static
Task_Service_Sigfox.c:72:6:Service_Sigfox_Init	8	static
Task_Service_Sigfox.c:86:28:Service_Sigfox_GetStatus	0	static
Task_Service_Sigfox.c:93:6:Service_Sigfox_ResetStatus	0	static
Task_Service_Sigfox.c:120:7:Service_Sigfox_GetID	8	static
Task_Service_Sigfox.c:130:7:Service_Sigfox_GetPAC	8	static
Task_Service_Sigfox.c:322:6:Service_Sigfox_Callback	32	static
Task_Service_Sigfox.c:143:20:Service_Sigfox_GetFreqUpLink	0	static
Task_Service_Sigfox.c:158:7:Service_Sigfox_GetFrameSend	0	static
Task_Service_Sigfox.c:167:5:Service_Sigfox_GetReadyToUpLink	0	static
Task_Service_Sigfox.c:175:6:Service_Sigfox_ClearReadyToUpLink	0	static
Task_Service_Sigfox.c:186:6:Service_Sigfox_Send	16	static
Task_Service_Sigfox.c:203:20:Service_Sigfox_WakeUp	16	static
Task_Service_Sigfox.c:110:10:Service_Sigfox_GetBattery	8	static
Task_Service_Sigfox.c:210:20:Service_Sigfox_Sleep	8	static
Task_Service_Sigfox.c:214:20:Service_Sigfox_Reset	8	static
Task_Service_Sigfox.c:218:10:Service_Sigfox_GetDownlinkFrame	8	static
Task_Service_Sigfox.c:224:9:Service_Sigfox_GetDownlinkStatus	0	static
Task_Service_Sigfox.c:228:23:Service_Sigfox_DownlDiscriminate	8	static
Task_Service_Sigfox.c:233:9:Service_Sigfox_QueueIsEmpty	8	static
Task_Service_Sigfox.c:241:6:Service_Sigfox_ChangeFrequency	16	static
Task_Service_Sigfox.c:454:6:Service_SigfoxDebugDecimal	16	static
